// Jest Snapshot v1, https://goo.gl/fbAQLP

exports[`Dispatches the correct action and payload1 1`] = `
Array [
  Object {
    "payload": 1,
    "type": "DELETE_TRANSACTION",
  },
]
`;
